// Jest Snapshot v1, https://goo.gl/fbAQLP

exports[`Tag Should render successfully 1`] = `
<body>
  <div>
    <div
      class="tagComp"
      style="pointer-events: none;"
    >
      <span
        class="rt-reset rt-Badge rt-r-size-1 rt-variant-soft default"
        data-accent-color=""
        style="padding-inline: 8px 12px; border-radius: 20px; cursor: unset; width: auto; max-width: 100%; height: 32px; padding-block: 0;"
        tabindex="0"
      >
        <span
          class="rt-Text rt-truncate mocked-class-name typography-font-family-default tagText"
          id=""
        >
          Text
        </span>
      </span>
    </div>
  </div>
</body>
`;
