// Jest Snapshot v1, https://goo.gl/fbAQLP

exports[`Accordion should not render successfully when the items are not available 1`] = `
<body>
  <div />
</body>
`;

exports[`Accordion should render successfully 1`] = `
<body>
  <div>
    <div
      class="accordionContainer accordionContainer"
    >
      <div
        data-orientation="vertical"
      >
        <div
          data-orientation="vertical"
          data-state="open"
        >
          <h3
            class="accordionTitleWrapper accordionTitleWrapper"
            data-orientation="vertical"
            data-state="open"
          >
            <button
              aria-controls="radix-:r1:"
              aria-expanded="true"
              class="accordionTitle accordionTitle"
              data-orientation="vertical"
              data-radix-collection-item=""
              data-state="open"
              id="radix-:r0:"
              type="button"
            >
              <span
                class="accordionTitleName accordionTitleName"
              >
                Getting Started with the Basics
              </span>
              <span
                class="accordionToggleIconScetion accordionToggleIconScetion"
              >
                <span
                  class="accordionToggleIcon accordionToggleIcon"
                  style="background: rgb(255, 255, 255); border-radius: 50%; width: 32px; height: 32px; display: grid; align-items: center; justify-content: center;"
                >
                  <span
                    class="icon icon-chevron"
                    style="width: 16px; height: 16px; color: rgb(23, 25, 31);"
                  />
                </span>
              </span>
            </button>
          </h3>
          <div
            aria-labelledby="radix-:r0:"
            class="accordionContentWrapper accordionContentWrapper"
            data-orientation="vertical"
            data-state="open"
            id="radix-:r1:"
            role="region"
            style="--radix-accordion-content-height: var(--radix-collapsible-content-height); --radix-accordion-content-width: var(--radix-collapsible-content-width); transition-duration: 0s; animation-name: none;"
          >
            <div
              class="accordionContent accordionContent"
            >
              Lorem ipsum dolor sit amet, consectetur adipiscing elit. Quisque non risus in orci varius accumsan. Integer nec odio. Praesent libero. Sed cursus ante dapibus diam.
            </div>
          </div>
        </div>
        <div
          class="divider divider"
        />
        <div
          data-orientation="vertical"
          data-state="closed"
        >
          <h3
            class="accordionTitleWrapper accordionTitleWrapper"
            data-orientation="vertical"
            data-state="closed"
          >
            <button
              aria-controls="radix-:r3:"
              aria-expanded="false"
              class="accordionTitle accordionTitle"
              data-orientation="vertical"
              data-radix-collection-item=""
              data-state="closed"
              id="radix-:r2:"
              type="button"
            >
              <span
                class="accordionTitleName accordionTitleName"
              >
                Advanced Techniques and Tips
              </span>
              <span
                class="accordionToggleIconScetion accordionToggleIconScetion"
              >
                <span
                  class="accordionToggleIcon accordionToggleIcon"
                  style="background: rgb(255, 255, 255); border-radius: 50%; width: 32px; height: 32px; display: grid; align-items: center; justify-content: center;"
                >
                  <span
                    class="icon icon-chevron"
                    style="width: 16px; height: 16px; color: rgb(23, 25, 31);"
                  />
                </span>
              </span>
            </button>
          </h3>
          <div
            aria-labelledby="radix-:r2:"
            class="accordionContentWrapper accordionContentWrapper"
            data-orientation="vertical"
            data-state="closed"
            hidden=""
            id="radix-:r3:"
            role="region"
            style="--radix-accordion-content-height: var(--radix-collapsible-content-height); --radix-accordion-content-width: var(--radix-collapsible-content-width);"
          />
        </div>
        <div
          class="divider divider"
        />
        <div
          data-orientation="vertical"
          data-state="closed"
        >
          <h3
            class="accordionTitleWrapper accordionTitleWrapper"
            data-orientation="vertical"
            data-state="closed"
          >
            <button
              aria-controls="radix-:r5:"
              aria-expanded="false"
              class="accordionTitle accordionTitle"
              data-orientation="vertical"
              data-radix-collection-item=""
              data-state="closed"
              id="radix-:r4:"
              type="button"
            >
              <span
                class="accordionTitleName accordionTitleName"
              >
                Troubleshooting Common Issues
              </span>
              <span
                class="accordionToggleIconScetion accordionToggleIconScetion"
              >
                <span
                  class="accordionToggleIcon accordionToggleIcon"
                  style="background: rgb(255, 255, 255); border-radius: 50%; width: 32px; height: 32px; display: grid; align-items: center; justify-content: center;"
                >
                  <span
                    class="icon icon-chevron"
                    style="width: 16px; height: 16px; color: rgb(23, 25, 31);"
                  />
                </span>
              </span>
            </button>
          </h3>
          <div
            aria-labelledby="radix-:r4:"
            class="accordionContentWrapper accordionContentWrapper"
            data-orientation="vertical"
            data-state="closed"
            hidden=""
            id="radix-:r5:"
            role="region"
            style="--radix-accordion-content-height: var(--radix-collapsible-content-height); --radix-accordion-content-width: var(--radix-collapsible-content-width);"
          />
        </div>
        <div
          class="divider divider"
        />
        <div
          data-orientation="vertical"
          data-state="closed"
        >
          <h3
            class="accordionTitleWrapper accordionTitleWrapper"
            data-orientation="vertical"
            data-state="closed"
          >
            <button
              aria-controls="radix-:r7:"
              aria-expanded="false"
              class="accordionTitle accordionTitle"
              data-orientation="vertical"
              data-radix-collection-item=""
              data-state="closed"
              id="radix-:r6:"
              type="button"
            >
              <span
                class="accordionTitleName accordionTitleName"
              >
                Best Practices and Final Thoughts
              </span>
              <span
                class="accordionToggleIconScetion accordionToggleIconScetion"
              >
                <span
                  class="accordionToggleIcon accordionToggleIcon"
                  style="background: rgb(255, 255, 255); border-radius: 50%; width: 32px; height: 32px; display: grid; align-items: center; justify-content: center;"
                >
                  <span
                    class="icon icon-chevron"
                    style="width: 16px; height: 16px; color: rgb(23, 25, 31);"
                  />
                </span>
              </span>
            </button>
          </h3>
          <div
            aria-labelledby="radix-:r6:"
            class="accordionContentWrapper accordionContentWrapper"
            data-orientation="vertical"
            data-state="closed"
            hidden=""
            id="radix-:r7:"
            role="region"
            style="--radix-accordion-content-height: var(--radix-collapsible-content-height); --radix-accordion-content-width: var(--radix-collapsible-content-width);"
          />
        </div>
      </div>
    </div>
  </div>
</body>
`;
