// Jest Snapshot v1, https://goo.gl/fbAQLP

exports[`Input should render successfully 1`] = `
<body>
  <div>
    <div
      class="formInput"
    >
      <input
        id="test-1"
        placeholder=""
        type="text"
      />
    </div>
  </div>
</body>
`;
