// Jest Snapshot v1, https://goo.gl/fbAQLP

exports[`ProgressBar should render successfully 1`] = `
<body>
  <div>
    <div
      aria-valuemax="100"
      aria-valuemin="0"
      class="rt-ProgressRoot rt-r-size-2 rt-variant-surface progressBarContainer"
      data-max="100"
      data-state="indeterminate"
      role="progressbar"
    >
      <div
        class="rt-ProgressIndicator"
        data-max="100"
        data-state="indeterminate"
      />
    </div>
  </div>
</body>
`;
