// Jest Snapshot v1, https://goo.gl/fbAQLP

exports[`Atom Card should render successfully 1`] = `
<body>
  <div>
    <div
      class="rt-Flex rt-r-display-flex rt-r-ai-center rt-r-jc-center rt-r-w rt-r-h wrapper"
      style="--width: 100%; --height: 100%;"
    >
      <div
        class="rt-Flex rt-r-display-flex rt-r-ai-center rt-r-jc-center rt-r-w card"
        style="--width: 100%; --cardPadding: 40px; --cardBorderRadius: 32px;"
      >
        <div
          class="rt-Flex rt-r-display-flex rt-r-ai-center rt-r-jc-center rt-r-w innerBox"
          style="--width: 100%;"
        >
          <div>
            Card 1
          </div>
        </div>
      </div>
    </div>
  </div>
</body>
`;
