// Jest Snapshot v1, https://goo.gl/fbAQLP

exports[`Image should render successfully 1`] = `
<body>
  <div>
    <img
      alt="Alt text"
      class="imgWrapper"
      src="https://images.unsplash.com/photo-1479030160180-b1860951d696?&auto=format&fit=crop&w=1200&q=80"
    />
  </div>
</body>
`;
